2026-04-04 05:22:40 [main] INFO  com.dmz.was.DmzWasApplication - Starting DmzWasApplication v1.0.0 using Java 17.0.18 with PID 1 (/app/app.jar started by root in /app)
2026-04-04 05:22:40 [main] DEBUG com.dmz.was.DmzWasApplication - Running with Spring Boot v3.2.0, Spring v6.1.1
2026-04-04 05:22:40 [main] INFO  com.dmz.was.DmzWasApplication - The following 1 profile is active: "docker"
2026-04-04 05:22:40 [main] INFO  o.s.b.w.e.tomcat.TomcatWebServer - Tomcat initialized with port 8080 (http)
2026-04-04 05:22:40 [main] INFO  o.a.catalina.core.StandardService - Starting service [Tomcat]
2026-04-04 05:22:40 [main] INFO  o.a.catalina.core.StandardEngine - Starting Servlet engine: [Apache Tomcat/10.1.16]
2026-04-04 05:22:40 [main] INFO  o.a.c.c.C.[Tomcat].[localhost].[/] - Initializing Spring embedded WebApplicationContext
2026-04-04 05:22:40 [main] INFO  o.s.b.w.s.c.ServletWebServerApplicationContext - Root WebApplicationContext: initialization completed in 366 ms
2026-04-04 05:22:40 [main] INFO  o.s.b.w.e.tomcat.TomcatWebServer - Tomcat started on port 8080 (http) with context path ''
2026-04-04 05:22:40 [main] INFO  com.dmz.was.DmzWasApplication - Started DmzWasApplication in 0.787 seconds (process running for 1.039)
2026-04-04 05:22:44 [http-nio-8080-exec-1] INFO  o.a.c.c.C.[Tomcat].[localhost].[/] - Initializing Spring DispatcherServlet 'dispatcherServlet'
2026-04-04 05:22:44 [http-nio-8080-exec-1] INFO  o.s.web.servlet.DispatcherServlet - Initializing Servlet 'dispatcherServlet'
2026-04-04 05:22:44 [http-nio-8080-exec-1] INFO  o.s.web.servlet.DispatcherServlet - Completed initialization in 1 ms
2026-04-04 05:36:48 [main] INFO  com.dmz.was.DmzWasApplication - Starting DmzWasApplication v1.0.0 using Java 17.0.18 with PID 1 (/app/app.jar started by root in /app)
2026-04-04 05:36:48 [main] DEBUG com.dmz.was.DmzWasApplication - Running with Spring Boot v3.2.0, Spring v6.1.1
2026-04-04 05:36:48 [main] INFO  com.dmz.was.DmzWasApplication - The following 1 profile is active: "docker"
2026-04-04 05:36:48 [main] INFO  o.s.b.w.e.tomcat.TomcatWebServer - Tomcat initialized with port 8080 (http)
2026-04-04 05:36:48 [main] INFO  o.a.catalina.core.StandardService - Starting service [Tomcat]
2026-04-04 05:36:48 [main] INFO  o.a.catalina.core.StandardEngine - Starting Servlet engine: [Apache Tomcat/10.1.16]
2026-04-04 05:36:48 [main] INFO  o.a.c.c.C.[Tomcat].[localhost].[/] - Initializing Spring embedded WebApplicationContext
2026-04-04 05:36:48 [main] INFO  o.s.b.w.s.c.ServletWebServerApplicationContext - Root WebApplicationContext: initialization completed in 331 ms
2026-04-04 05:36:48 [main] INFO  o.s.b.w.e.tomcat.TomcatWebServer - Tomcat started on port 8080 (http) with context path ''
2026-04-04 05:36:48 [main] INFO  com.dmz.was.DmzWasApplication - Started DmzWasApplication in 0.776 seconds (process running for 1.004)
2026-04-04 05:36:52 [http-nio-8080-exec-1] INFO  o.a.c.c.C.[Tomcat].[localhost].[/] - Initializing Spring DispatcherServlet 'dispatcherServlet'
2026-04-04 05:36:52 [http-nio-8080-exec-1] INFO  o.s.web.servlet.DispatcherServlet - Initializing Servlet 'dispatcherServlet'
2026-04-04 05:36:52 [http-nio-8080-exec-1] INFO  o.s.web.servlet.DispatcherServlet - Completed initialization in 0 ms
2026-04-04 05:46:16 [main] INFO  com.dmz.was.DmzWasApplication - Starting DmzWasApplication v1.0.0 using Java 17.0.18 with PID 1 (/app/app.jar started by root in /app)
2026-04-04 05:46:16 [main] DEBUG com.dmz.was.DmzWasApplication - Running with Spring Boot v3.2.0, Spring v6.1.1
2026-04-04 05:46:16 [main] INFO  com.dmz.was.DmzWasApplication - The following 1 profile is active: "docker"
2026-04-04 05:46:16 [main] INFO  o.s.b.w.e.tomcat.TomcatWebServer - Tomcat initialized with port 8080 (http)
2026-04-04 05:46:16 [main] INFO  o.a.catalina.core.StandardService - Starting service [Tomcat]
2026-04-04 05:46:16 [main] INFO  o.a.catalina.core.StandardEngine - Starting Servlet engine: [Apache Tomcat/10.1.16]
2026-04-04 05:46:16 [main] INFO  o.a.c.c.C.[Tomcat].[localhost].[/] - Initializing Spring embedded WebApplicationContext
2026-04-04 05:46:16 [main] INFO  o.s.b.w.s.c.ServletWebServerApplicationContext - Root WebApplicationContext: initialization completed in 280 ms
2026-04-04 05:46:16 [main] INFO  o.s.b.w.e.tomcat.TomcatWebServer - Tomcat started on port 8080 (http) with context path ''
2026-04-04 05:46:16 [main] INFO  com.dmz.was.DmzWasApplication - Started DmzWasApplication in 0.709 seconds (process running for 0.91)
2026-04-04 05:46:17 [http-nio-8080-exec-1] INFO  o.a.c.c.C.[Tomcat].[localhost].[/] - Initializing Spring DispatcherServlet 'dispatcherServlet'
2026-04-04 05:46:17 [http-nio-8080-exec-1] INFO  o.s.web.servlet.DispatcherServlet - Initializing Servlet 'dispatcherServlet'
2026-04-04 05:46:17 [http-nio-8080-exec-1] INFO  o.s.web.servlet.DispatcherServlet - Completed initialization in 0 ms
